// Jest Snapshot v1, https://goo.gl/fbAQLP

exports[`Reverse Integer throw error for non integer numbers 1`] = `"Not an integer"`;
